
/* ===== cma-p1-amro — CMA part 1 - first season (30 videos, ~76.6h) ===== */
  {
    id: "cma-p1-amro",
    titleEn: "CMA Part 1 — the complete course (all 13 units)",
    titleAr: "CMA الجزء الأول — الكورس الكامل (13 وحدة)",
    channel: "Amro Taison",
    category: "cma",
    level: "Intermediate",
    language: "AR",
    hours: "~76.6h",
    views: "YouTube playlist",
    descEn: "The whole CMA Part 1 in one playlist — 30 lectures walking every unit of the 2020-onwards syllabus (financial reporting, planning, performance, cost management, internal controls…), taught in Arabic by Amro Abdelmeguid.",
    descAr: "منهج CMA الجزء الأول كاملًا في قائمة واحدة — 30 محاضرة تغطي كل وحدات المنهج (التقارير المالية والتخطيط والأداء وإدارة التكاليف والرقابة الداخلية…) بشرح عمرو عبدالمجيد.",
    lessons: [
      { id: "tetkhEKgC4A", title: "CMA S1 L1 - Unit 1 by Amro Abdelmeguid - الجزء الأول - المحاضرة الأولي - الفصل الأول", length: "1:52:00" },
      { id: "-RZqWa2eBqc", title: "#CMA S1 L2 - Unit 1 by Amro Abdelmeguid - الجزء الأول - المحاضرة الثانية - الفصل الأول", length: "2:23:00" },
      { id: "_8DpcXpnZzY", title: "#CMA S1 L3 - Unit 1 by Amro Abdelmeguid - الجزء الأول - المحاضرة الثالثة  - الفصل الأول", length: "1:24:00" },
      { id: "NH47cCYR-Lw", title: "#CMA S1 L4 - Unit 1 by Amro Abdelmeguid - الجزء الأول - المحاضرة الرابعة - الفصل الأول", length: "1:44:00" },
      { id: "NkL30wG3LXg", title: "#CMA S1 L5 - Unit 2 by Amro Abdelmeguid - الجزء الأول - المحاضرة الخامسة - الفصل الثاني", length: "2:02:00" },
      { id: "sG3ZeEShWuo", title: "#CMA S1 L6 - Unit 2 by Amro Abdelmeguid - الجزء الأول - المحاضرة السادسة - الفصل الثاني", length: "2:13:00" },
      { id: "r_l3I4UXYFg", title: "#CMA S1 L7 - Unit 3 by Amro Abdelmeguid - الجزء الأول - المحاضرة السابعة - الفصل الثالث", length: "2:26:00" },
      { id: "aTWSgRyV7-o", title: "#CMA S1 L8 - Unit 3 by Amro Abdelmeguid - الجزء الأول - المحاضرة الثامنة - الفصل الثالث", length: "2:58:00" },
      { id: "mfeyDTTtCvg", title: "#CMA S1 L9 - Unit 3 by Amro Abdelmeguid - الجزء الأول - المحاضرة التاسعة - الفصل الثالث", length: "1:53:00" },
      { id: "Jj9n_wBPbJk", title: "#CMA S1 L10 - Unit 4 by Amro Abdelmeguid - الجزء الأول - المحاضرة العاشرة - الفصل الرابع", length: "2:16:00" },
      { id: "p0GSM9HtdTg", title: "#CMA S1 L11 - Unit 4 by Amro Abdelmeguid - الجزء الأول - المحاضرة الأحدي عشر- الفصل الرابع", length: "1:27:00" },
      { id: "ls1HPpjiWxk", title: "#CMA S1 L12 - Unit 5 by Amro Abdelmeguid - الجزء الأول - المحاضرة الثانية عشر- الفصل الخامس", length: "2:33:00" },
      { id: "owkJFiwBmas", title: "#CMA S1 L13 - Unit 5 by Amro Abdelmeguid - الجزء الأول - المحاضرة الثالثة عشر- الفصل الخامس", length: "1:59:00" },
      { id: "XWPBe8b65ro", title: "#CMA S1 L14 - Unit 6 by Amro Abdelmeguid - الجزء الأول - المحاضرة الرابعة عشر- الفصل السادس", length: "3:13:00" },
      { id: "WQjWV-Qb-S4", title: "#CMA S1 L15 - Unit 6 by Amro Abdelmeguid - الجزء الأول - المحاضرة الخامسة عشر- الفصل السادس", length: "2:44:00" },
      { id: "Lt1o_EjnWlQ", title: "#CMA S1 L16 - Unit 7 by Amro Abdelmeguid - الجزء الأول - المحاضرة السادسة عشر- الفصل السابع", length: "2:40:00" },
      { id: "2mfOseFaSaE", title: "#CMA S1 L17 - Unit 7 by Amro Abdelmeguid - الجزء الأول - المحاضرة السابعة عشر- الفصل السابع", length: "3:05:00" },
      { id: "xFSUInPaP90", title: "#CMA S1 L18 - Unit 8 by Amro Abdelmeguid - الجزء الأول - المحاضرة الثامنة عشر- الفصل الثامن", length: "2:35:00" },
      { id: "tIYD8TLz64A", title: "#CMA S1 L19 - Unit 8 by Amro Abdelmeguid - الجزء الأول - المحاضرة التاسعة عشر- الفصل الثامن", length: "3:14:00" },
      { id: "m6cVTnTXwDE", title: "#CMA S1 L20 - Unit 9 by Amro Abdelmeguid - الجزء الأول - المحاضرة العشرون - الفصل التاسع", length: "3:03:00" },
      { id: "tO_ECS0F8SQ", title: "#CMA S1 L21 - Unit 9 by Amro Abdelmeguid - الجزء الأول - المحاضرة الحادية والعشرون - الفصل التاسع", length: "2:38:00" },
      { id: "JhMGs1WxPR4", title: "#CMA S1 L22 - Unit 10 by Amro Abdelmeguid - الجزء الأول - المحاضرة الثانية  والعشرون - الفصل العاشر", length: "3:17:00" },
      { id: "nBHpT2y-Z64", title: "#CMA S1 L23 - Unit 10 by Amro Abdelmeguid - الجزء الأول - المحاضرة الثالثة والعشرون - الفصل العاشر", length: "2:25:00" },
      { id: "1GtbrkHhUtU", title: "#CMA S1 L24 - Unit 11 by Amro Abdelmeguid - 11 الجزء الأول - المحاضرة الرابعة والعشرون - الفصل", length: "2:38:00" },
      { id: "DaOe08ED8qI", title: "#CMA S1 L25 - Unit 12 by Amro Abdelmeguid - 12 الجزء الأول - المحاضرة الخامسة والعشرون - الفصل", length: "2:44:00" },
      { id: "rvCvQ7j3B18", title: "#CMA S1 L26 - Unit 12 by Amro Abdelmeguid - 12 الجزء الأول - المحاضرة السادسة والعشرون - الفصل", length: "2:37:00" },
      { id: "ti1kI6dPL8s", title: "#CMA S1 L27 - Unit 12 by Amro Abdelmeguid - 12 الجزء الأول - المحاضرة السابعة والعشرون - الفصل", length: "3:12:00" },
      { id: "uMpz82LHthE", title: "#CMA S1 L28 - Unit 13 by Amro Abdelmeguid - 13 الجزء الأول - المحاضرة الثامنة والعشرون - الفصل", length: "3:00:00" },
      { id: "HpObMc2DrWk", title: "#CMA S1 L29 - Unit 13 by Amro Abdelmeguid - 13 الجزء الأول - المحاضرة التاسعة والعشرون - الفصل", length: "3:30:00" },
      { id: "BpOAogLDvzk", title: "#CMA S1 L30 (Final One) by Amro Abdelmeguid - الجزء الأول - المحاضرة الثلاثون - الحصة الأخيرة", length: "2:52:00" },
    ],
  },

/* ===== cma-p2-amro — CMA part 2 (19 videos, ~47.6h) ===== */
  {
    id: "cma-p2-amro",
    titleEn: "CMA Part 2 — the complete course (all 10 units)",
    titleAr: "CMA الجزء الثاني — الكورس الكامل (10 وحدات)",
    channel: "Amro Taison",
    category: "cma",
    level: "Advanced",
    language: "AR",
    hours: "~47.6h",
    views: "YouTube playlist",
    descEn: "The companion Part 2 course — 19 long lectures covering financial statement analysis, corporate finance, decision analysis, risk management and investment decisions, unit by unit, in Arabic.",
    descAr: "الكورس المكمّل للجزء الثاني — 19 محاضرة طويلة تغطي تحليل القوائم المالية وتمويل الشركات وتحليل القرارات وإدارة المخاطر وقرارات الاستثمار، وحدة وحدة، بالعربية.",
    lessons: [
      { id: "d9dBBwl2-Fs", title: "#CMA P2 L1 - Unit 1 by Amro Abdelmeguid - 1 الجزء الثاني - المحاضرة الأولي - الفصل", length: "2:08:00" },
      { id: "GEbKLZ3K9B4", title: "#CMA P2 L2 - Unit 1 by Amro Abdelmeguid - 1 الجزء الثاني - المحاضرة الثانية - الفصل", length: "3:44:00" },
      { id: "6ZKhoUomD5o", title: "#CMA P2 L3 - Unit 2 by Amro Abdelmeguid - 2 الجزء الثاني - المحاضرة الثالثة - الفصل", length: "3:51:00" },
      { id: "tgCzQDOJZBk", title: "#CMA P2 L4 - Unit 2 by Amro Abdelmeguid - 2 الجزء الثاني - المحاضرة الرابعة - الفصل", length: "4:32:00" },
      { id: "nXfafd455y0", title: "#CMA P2 L5 - Unit 3 by Amro Abdelmeguid - 3 الجزء الثاني - المحاضرة الخامسة - الفصل", length: "3:53:00" },
      { id: "A7V23lUdTNs", title: "#CMA P2 L6 - Unit 3 by Amro Abdelmeguid - 3 الجزء الثاني - المحاضرة السادسة - الفصل", length: "1:40:00" },
      { id: "4abU7ETmHfY", title: "#CMA P2 L7 - Unit 4 by Amro Abdelmeguid - 4 الجزء الثاني - المحاضرة السابعة - الفصل", length: "3:26:00" },
      { id: "lmQGrZWSX2k", title: "#CMA P2 L8 - Unit 4 by Amro Abdelmeguid - 4 الجزء الثاني - المحاضرة الثامنة - الفصل", length: "1:51:00" },
      { id: "DJ6Var1kt_8", title: "#CMA P2 L9 - Unit 5 by Amro Abdelmeguid - 5 الجزء الثاني - المحاضرة التاسعة - الفصل", length: "1:37:00" },
      { id: "ELWVwnOnEbE", title: "#CMA P2 L10 - Unit 5 by Amro Abdelmeguid - 5 الجزء الثاني - المحاضرة العاشرة - الفصل", length: "1:26:00" },
      { id: "OZAr-wjeUxE", title: "#CMA P2 L11 - Unit 5 by Amro Abdelmeguid - 5 الجزء الثاني - المحاضرة الحادية عشر - الفصل", length: "2:03:00" },
      { id: "kqA7OQ_JLZ4", title: "#CMA P2 L12 - Unit 6 by Amro Abdelmeguid - 6 الجزء الثاني - المحاضرة الثانية عشر - الفصل", length: "2:17:00" },
      { id: "td0ZiXcP3u4", title: "#CMA P2 L13 - Unit 6 by Amro Abdelmeguid - 6 الجزء الثاني - المحاضرة الثالثة عشر - الفصل", length: "1:30:00" },
      { id: "91TBwW-U8PM", title: "#CMA P2 L14 - Unit 7 by Amro Abdelmeguid - 7 الجزء الثاني - المحاضرة الرابعة عشر - الفصل", length: "2:23:00" },
      { id: "X5nlitEq6sM", title: "#CMA P2 L15 - Unit 8 by Amro Abdelmeguid - 8 الجزء الثاني - المحاضرة الخامسة عشر - الفصل", length: "2:13:00" },
      { id: "8-xe9nUt6us", title: "#CMA P2 L16 - Unit 8 by Amro Abdelmeguid - 8 الجزء الثاني - المحاضرة السادسة عشر - الفصل", length: "2:37:00" },
      { id: "9cnBvJu07SA", title: "#CMA P2 L17 - Unit 9 by Amro Abdelmeguid - 9 الجزء الثاني - المحاضرة السابعة عشر - الفصل", length: "1:49:00" },
      { id: "tLMGQ6Ht1Gk", title: "#CMA P2 L18 - Unit 10 by Amro Abdelmeguid - 10 الجزء الثاني - المحاضرة الثامنة عشر - الفصل", length: "2:03:00" },
      { id: "f4vwMaTzk9g", title: "#CMA P2 L19 - Unit 10 by Amro Abdelmeguid - 10 الجزء الثاني - المحاضرة التاسعة عشر - الفصل", length: "2:33:00" },
    ],
  },

/* ===== cma-p1-efham — CMA Part1 (2026) - Tarek Naiem (47 videos, ~18.6h) ===== */
  {
    id: "cma-p1-efham",
    titleEn: "CMA Part 1 (2026 edition) — Section A in depth",
    titleAr: "CMA الجزء الأول (نسخة 2026) — القسم A بعمق",
    channel: "Efham CMA",
    category: "cma",
    level: "Beginner",
    language: "AR",
    hours: "~18.6h",
    views: "YouTube playlist",
    descEn: "The 2026-edition walk-through of Section A — 45+ short focused sessions from the financial statements to deferred taxes, each followed by solved question sessions. Perfect alongside the full Part 1 course.",
    descAr: "شرح نسخة 2026 للقسم A — أكثر من 45 جلسة قصيرة مركزة من القوائم المالية حتى الضرائب المؤجلة، تتبعها جلسات حل أسئلة. مثالي بجانب كورس الجزء الأول الكامل.",
    lessons: [
      { id: "lbaYAvXThXI", title: "1 CMA curriculum شرح ترتيب المنهج", length: "9:00" },
      { id: "68NdTm0F-Eg", title: "2 Trial Balance شرح فكرة ال", length: "7:00" },
      { id: "YgjpCFuA_KE", title: "A/1 Basics of Financial Accounting", length: "23:00" },
      { id: "T03Kf6-gyn8", title: "A/2 Balance Sheet شرح الميزانيه العموميه", length: "34:00" },
      { id: "woJU5lAItAk", title: "A/3 BS questions حل اسئلة الميزانيه العموميه", length: "16:00" },
      { id: "vX2uEKVyz0I", title: "ِA/4 Income Statement قائمة الدخل", length: "36:00" },
      { id: "FjnFwZ1GSkU", title: "ِA/5 OCI-Other Comprehensive Income قائمة الدخل الشامل", length: "26:00" },
      { id: "iLXgeoFJcGU", title: "A/6 Changes in equity قائمة التغير في حقوق الملكيه", length: "14:00" },
      { id: "WfiQWHgSCEc", title: "A/7 Income Statement Questions", length: "18:00" },
      { id: "na8CXk4CP8w", title: "ِA/8 Statement of cash flows SCF قائمة التدفقات النقديه", length: "53:00" },
      { id: "nLGeFp7ULhc", title: "A/9 Statement of cash flows حل أسئلة", length: "15:00" },
      { id: "3Gy4zX7J9LQ", title: "A/10 Integrated Reporting-IR1", length: "57:00" },
      { id: "PrlMI_JgpAg", title: "A/11 Integrated Reporting-IR2", length: "40:00" },
      { id: "IfH23g-8B1w", title: "A/12 Accounting principles and cash المبادئ المحاسبيه الاساسيه", length: "28:00" },
      { id: "6pVNoQZsrho", title: "A/13 Accounts Receivables AR حسابات العملاء", length: "46:00" },
      { id: "5daCO5QOHIc", title: "A/14 Accounts Receivables (examples)", length: "18:00" },
      { id: "gmGV2GXubQU", title: "A/15 Inventory Initial and Physical Count", length: "24:00" },
      { id: "RMcnMkzHhdw", title: "A/16 Inventory الجرد الدوري والجرد المستمر", length: "21:00" },
      { id: "k3EgDQHjoDE", title: "A/17 Inventory Questions 1", length: "15:00" },
      { id: "YyRtx6qAoaM", title: "A/18 Inventory FIFO/LIFO قياس المخزون", length: "41:00" },
      { id: "fnTs4A-eVqA", title: "A/19 Inventory Questions 2", length: "10:00" },
      { id: "zYkR9RMdh54", title: "A/20 Inventory write-down", length: "27:00" },
      { id: "PfCDJeCo9wg", title: "A/21 Inventory write-down questions", length: "8:00" },
      { id: "3CD95SuS5l0", title: "A/22 Investments in Bonds الاستثمار في السندات", length: "44:00" },
      { id: "YGfsSkTpDm0", title: "A/23 Bonds questions اسئله الاستثمار في السندات", length: "10:00" },
      { id: "yKePPZ2B_ds", title: "A/24 Investments in Shares الاستثمار في اسهم الشركات الاخري", length: "1:00:00" },
      { id: "uQxDLh8buHs", title: "A/25 Shares Questions أسئلة الاستثمار في الأسهم", length: "10:00" },
      { id: "4ObFVd5GwHE", title: "A/26 Fixed Assets الأصول الثابته", length: "18:00" },
      { id: "ne9cYd9SKK8", title: "A/27 FA Depreciation إهلاك الأصول الثابته", length: "27:00" },
      { id: "RSEGYCqX4jM", title: "A/28 FA Impairment إضمحلال الاصول الثابته", length: "18:00" },
      { id: "Q5ybZQnUCkg", title: "A/29 Fixed Assets GAAP vs IFRS", length: "11:00" },
      { id: "A7gg1zNuCbU", title: "A/30 Fixed Assets Questions أسئلة الاصول الثابته", length: "16:00" },
      { id: "P47XRsvsS7M", title: "A/31 Depreciation for tax purposes الاهلاك الضريبي", length: "16:00" },
      { id: "5T4qF3W9c5U", title: "A/32 Intangible Assets الاصول غير الملموسه", length: "26:00" },
      { id: "0zoOetz8M7A", title: "A/33 Intangibles Impairment اضمحلال الاصول الغير ملموسه", length: "22:00" },
      { id: "wGvAZ4u3FnQ", title: "A/34 Intangibles GAAP vs IFRS", length: "4:00" },
      { id: "OgtOnjfRg0Y", title: "A/35 Intangibles Questions حل أسئله علي الاصول غير الملموسه", length: "14:00" },
      { id: "m3v_QEI7gF8", title: "A/36 Reclassify Current Liabilities", length: "5:00" },
      { id: "BAHguWZE1Xg", title: "A/37 Warranties", length: "32:00" },
      { id: "2ISUU-k1VkM", title: "A/38 Warranties Questions", length: "9:00" },
      { id: "Ev7fbKGLp-g", title: "A/39 Leases", length: "31:00" },
      { id: "v7SeJqMNyLA", title: "A/40 Finance Lease", length: "35:00" },
      { id: "U834wpg2WWM", title: "A/41 Operating Lease", length: "16:00" },
      { id: "531HIwL4s7g", title: "A/42 Lease Questions", length: "13:00" },
      { id: "DSIrpw4AEuw", title: "A/43 Deferred Income Tax", length: "51:00" },
      { id: "xlQ5Gpwuvyc", title: "A/44 Income Tax 3 scenarios حالات عمليه", length: "34:00" },
      { id: "HiXkO4u_220", title: "A/45 Income Tax Questions حل أسئله الضريبه المؤجله", length: "7:00" },
    ],
  },

/* ===== cpa-aud-amro — CPA - Audit (21 videos, ~43.0h) ===== */
  {
    id: "cpa-aud-amro",
    titleEn: "CPA AUD — the complete audit course (8 modules)",
    titleAr: "CPA AUD — كورس المراجعة الكامل (8 فصول)",
    channel: "Amro Taison",
    category: "cpa",
    level: "Advanced",
    language: "AR",
    hours: "~43.0h",
    views: "YouTube playlist",
    descEn: "The full CPA Auditing & Attestation course in Arabic — 21 lectures across all 8 modules: engagement acceptance, risk, evidence, reviews of the engagement… the whole AUD blueprint.",
    descAr: "كورس مادة المراجعة والتأكيد لشهادة المحاسب القانوني الأمريكي كاملًا بالعربية — 21 محاضرة على مدار الفصول الثمانية: قبول الارتباط والمخاطر والأدلة ومراجعات الارتباط… خريطة AUD بأكملها.",
    lessons: [
      { id: "o1O5XzzFY2I", title: "CPA - Audit - Lec 1 - Module 1 - الحصة الأولي من مادة المراجعة - الفصل الأول", length: "2:00:00" },
      { id: "Ma1zGzbhDd8", title: "CPA - Audit - Lec 2 - Module 1 - الحصة الثانية من مادة المراجعة - الفصل الأول", length: "2:30:00" },
      { id: "GHNfdLx5GJ8", title: "CPA - Audit - Lec 3 - Module 1 - الحصة الثالثة من مادة المراجعة - الفصل الأول", length: "58:00" },
      { id: "E6NJJuRBF0Q", title: "CPA - Audit - Lec 4 - Module 1 - الحصة الرابعة من مادة المراجعة - الفصل الأول", length: "1:15:00" },
      { id: "jm9GT9luftU", title: "CPA - Audit - Lec 5 - Module 2 - الحصة الخامسة من مادة المراجعة - الفصل الثاني", length: "2:16:00" },
      { id: "t07gMu7Tugc", title: "CPA - Audit - Lec 6 - Module 2 - الحصة السادسة من مادة المراجعة - الفصل الثاني", length: "2:38:00" },
      { id: "6JFACLEvdDA", title: "CPA - Audit - Lec 7 - Module 3 - الحصة السابعة من مادة المراجعة - الفصل الثالث", length: "2:14:00" },
      { id: "bZ_omPLO3pw", title: "CPA - Audit - Lec 8 - Module 3 - الحصة الثامنة من مادة المراجعة - الفصل الثالث", length: "2:11:00" },
      { id: "A8zQ3XbD3nw", title: "CPA - Audit - Lec 9 - Module 3 - الحصة التاسعة من مادة المراجعة - الفصل الثالث", length: "2:53:00" },
      { id: "AV11XMHUVeI", title: "CPA - Audit - Lec 10 - Module 4 - الحصة العاشرة من مادة المراجعة - الفصل الرابع", length: "1:23:00" },
      { id: "-VOlSiKRID4", title: "CPA - Audit - Lec 11 - Module 4 - الحصة الحادية عشر من مادة المراجعة - الفصل الرابع", length: "2:23:00" },
      { id: "VSaKsnPMhLI", title: "CPA Amro Abdelmeguid - Audit - Lec 12 - Module 4 - الحصة الثانية عشر من مادة المراجعة - الفصل الرابع", length: "2:10:00" },
      { id: "9yH7hfadS7c", title: "CPA Amro Abdelmeguid - Audit - L 13 - Module 4 - الحصة الثالثة عشر من مادة المراجعة - الفصل الرابع", length: "1:38:00" },
      { id: "6klhGD6dCwI", title: "CPA Amro Abdelmeguid - Audit - L 14 - Module 5 - الحصة الرابعة عشر من مادة المراجعة - الفصل الخامس", length: "2:22:00" },
      { id: "NG2RWDLqSKU", title: "CPA Amro Abdelmeguid - Audit - L 15 - Module 5 - الحصة الخامسة عشر من مادة المراجعة - الفصل الخامس", length: "2:19:00" },
      { id: "yIm-X9Aztlk", title: "CPA Amro Abdelmeguid - Audit - L 16 - Module 5 - الحصة السادسة عشر من مادة المراجعة - الفصل الخامس", length: "1:21:00" },
      { id: "fxGSg8AiSEk", title: "CPA Amro Abdelmeguid - Audit - L17 - Module 5 - الحصة السابعة عشر من مادة المراجعة - الفصل الخامس", length: "3:03:00" },
      { id: "YNsazJDt7Lw", title: "CPA Amro Abdelmeguid - Audit - L18 - Module 7 - الحصة الثامنة عشر من مادة المراجعة - الفصل السابع", length: "2:28:00" },
      { id: "VPlwDvrSRw8", title: "CPA Amro Abdelmeguid - Audit - L19 - Module 7 - الحصة التاسعة عشر من مادة المراجعة - الفصل السابع", length: "2:06:00" },
      { id: "d2_FlBCKOiU", title: "CPA Amro Abdelmeguid - Audit - L20 - Module 6 - الحصة العشرون من مادة المراجعة - الفصل السادس", length: "56:00" },
      { id: "v9eBiVfpQe0", title: "CPA Amro Abdelmeguid - Audit - L21 - Module 8 - الحصة 21 الأخيرة من مادة المراجعة - الفصل الثامن", length: "1:59:00" },
    ],
  },

/* ===== cpa-far-amro — CPA - FAR - first season (27 videos, ~57.5h) ===== */
  {
    id: "cpa-far-amro",
    titleEn: "CPA FAR — the complete financial course (F2–F9)",
    titleAr: "CPA FAR — الكورس المالي الكامل (F2–F9)",
    channel: "Amro Taison",
    category: "cpa",
    level: "Advanced",
    language: "AR",
    hours: "~57.5h",
    views: "YouTube playlist",
    descEn: "The full CPA Financial Accounting & Reporting course in Arabic — 29 lectures from the conceptual framework and statements through to the final revision, module by module.",
    descAr: "كورس المحاسبة والتقارير المالية لشهادة المحاسب القانوني كاملًا بالعربية — 29 محاضرة من الإطار المفاهيمي والقوائم حتى المراجعة النهائية، فصلًا فصلًا.",
    lessons: [
      { id: "vEKnicY1mXA", title: "CPA - FAR - S1 - L1 - Introduction and F2 - المحاضرة الأولي", length: "1:37:00" },
      { id: "S85ih07z9_s", title: "CPA - FAR - S1 - L3 - F2 - المحاضرة الثالثة", length: "1:52:00" },
      { id: "CN4-ux5M5YU", title: "CPA - FAR - S1 - L4 - F4 - المحاضرة الرابعة", length: "2:28:00" },
      { id: "Jmyfm7quutQ", title: "CPA - FAR - S1 - L6 - F4 - المحاضرة السادسة", length: "3:04:00" },
      { id: "kdq_1h-TyIU", title: "CPA - FAR - S1 - L7 - F4 & F2 - المحاضرة السابعة", length: "2:00:00" },
      { id: "NkM7ZCzt3BM", title: "CPA - FAR - S1 - L8 - F5 - المحاضرة الثامنة", length: "3:05:00" },
      { id: "NKp_nv-A3Yc", title: "CPA - FAR - S1 - L9 - F5 - المحاضرة التاسعة", length: "1:57:00" },
      { id: "SvNsfpiSTPw", title: "CPA - FAR - S1 - L10 - F5 - Amro Abdelmeguid - Lecture 10", length: "1:49:00" },
      { id: "D-4i07_57ng", title: "CPA - FAR - S1 - L11 - F7 - Amro Abdelmeguid - المحاضرة الحادية عشر", length: "2:56:00" },
      { id: "l8mQHOEjomc", title: "CPA - FAR - S1 - L12 - F7 - Amro Abdelmeguid - المحاضرة الثانية عشر", length: "1:49:00" },
      { id: "OEG1wkIKN_o", title: "CPA - FAR - S1 - L13 - F7 - Amro Abdelmeguid - المحاضرة الثالثة عشر", length: "1:52:00" },
      { id: "zC484TgQj5c", title: "CPA - FAR - S1 - L14 - F3 - Amro Abdelmeguid - المحاضرة الرابعة غشر", length: "2:11:00" },
      { id: "WbMzvUYerlE", title: "CPA - FAR - S1 - L15 - F3 - Amro Abdelmeguid - المحاضرة الخامسة عشر", length: "2:23:00" },
      { id: "uDgYVkMKBig", title: "CPA - FAR - S1 - L16 - F3 - Amro Abdelmeguid - المحاضرة السادسة عشر", length: "1:18:00" },
      { id: "CtdeEZcTcYE", title: "CPA - FAR - S1 - L17 - F2 - Amro Abdelmeguid - المحاضرة السابعة عشر", length: "1:27:00" },
      { id: "l42qYdsaKZI", title: "CPA - FAR - S1 - L18 - F6 - Amro Abdelmeguid - المحاضرة الثامنة عشر", length: "2:06:00" },
      { id: "h-OfrjE-gPA", title: "CPA - FAR - S1 - L19 - F6 - Amro Abdelmeguid - المحاضرة التاسعة عشر", length: "1:15:00" },
      { id: "tF-3dZsGaB8", title: "CPA - FAR - S1 - L20 - F6 - Amro Abdelmeguid - المحاضرة العشرين", length: "3:15:00" },
      { id: "0cHyR1B3xoc", title: "CPA - FAR - S1 - L21 - F10 - Amro Abdelmeguid - المحاضرة الحادية والعشرين", length: "2:36:00" },
      { id: "Dayny66HChY", title: "CPA - FAR - S1 - L22 - F10 - Amro Abdelmeguid - المحاضرة الثانية والعشرين", length: "1:59:00" },
      { id: "H-vVy1adkR0", title: "CPA - FAR - S1 - L23 - F10 - Amro Abdelmeguid - المحاضرة الثالثة والعشرين", length: "2:27:00" },
      { id: "oYFeYwLUN08", title: "CPA - FAR - S1 - L24 - F8 - Amro Abdelmeguid - المحاضرة الرابعة والعشرين", length: "2:05:00" },
      { id: "RMa3-apnc7I", title: "CPA - FAR - S1 - L25 - F8 - Amro Abdelmeguid - المحاضرة الخامسة والعشرين", length: "2:35:00" },
      { id: "Tm6wJJBcJoE", title: "CPA - FAR - S1 - L26 - F8 - Amro Abdelmeguid - Lecture Twenty-Six", length: "1:24:00" },
      { id: "DtLHnH6y2xY", title: "CPA - FAR - S1 - L27 - F9 - Amro Abdelmeguid - المحاضرة السابعة والعشرين", length: "1:52:00" },
      { id: "jBRO7ORJQ3c", title: "CPA - FAR - S1 - L28 - F9 - Amro Abdelmeguid - المحاضرة الثامنة والعشرين", length: "3:04:00" },
      { id: "c8IecFB8XMM", title: "CPA - FAR - S1 - L29 - Final - Amro Abdelmeguid - المحاضرة التاسعة والعشرين", length: "1:06:00" },
    ],
  },

/* ===== dipifr-abdelnaim — IFRS Diploma , Abdalla Abdelnaim (51 videos, ~108.2h) ===== */
  {
    id: "dipifr-abdelnaim",
    titleEn: "ACCA DipIFR — the full diploma (every standard)",
    titleAr: "دبلومة ACCA DipIFR — الدبلومة كاملة (كل المعايير)",
    channel: "Abdalla Abdelnaim",
    category: "ifrs",
    level: "Advanced",
    language: "AR",
    hours: "~108.2h",
    views: "YouTube playlist",
    descEn: "The entire IFRS diploma as taught by Abdalla Abdelnaim — 51 lectures, 100+ hours, every standard on the DipIFR syllabus: IAS 16/36/37/38/19/12/21/2/33, IFRS 16/3/2/5/13, financial instruments, consolidation (Ch 20–24) and past-paper solving.",
    descAr: "دبلومة المعايير الدولية كاملة مع عبدالله عبدالنعيم — 51 محاضرة وأكثر من 100 ساعة تغطي كل معايير المنهج: IAS 16/36/37/38/19/12/21/2/33 وIFRS 16/3/2/5/13 والأدوات المالية والتجميع (الفصول 20–24) وحل الامتحانات السابقة.",
    lessons: [
      { id: "PmMqHC0BB5M", title: "IAS16 01 V2 PPE with revaluation model", length: "2:49:00" },
      { id: "pKOmgejQutg", title: "IAS16 02 طرق الاهلاك", length: "1:49:00" },
      { id: "ZP9IYZaJE3M", title: "IAS 20 - IAS 40 - IAS 23", length: "3:05:00" },
      { id: "x7F1wgQy1do", title: "IAS 36   June 2022 Abdala Abdelnaim", length: "3:05:00" },
      { id: "ihC5KWhf0m4", title: "IFRS16 01", length: "2:42:00" },
      { id: "1l4J-90E4t4", title: "IFRS 16 02  Sale and Lease back", length: "2:13:00" },
      { id: "z6wmVRZ3duE", title: "IFRS16 03 lessor Accounting", length: "2:51:00" },
      { id: "YEaf6RvwkBE", title: "IAS 38 01 Intangible Assets", length: "2:50:00" },
      { id: "HKJstVzZP94", title: "IFRS 3 Business Combination(Goodwill)", length: "1:02:00" },
      { id: "pqnAjvbt4kQ", title: "IAS 37 Provisions, contingent assets and contingent liabilities", length: "3:00:00" },
      { id: "Unqzn8TpKT0", title: "IAS19 01 Intro", length: "25:00" },
      { id: "CaVSe9NCoF4", title: "IAS19 02 Short Term Ben", length: "44:00" },
      { id: "vut7tmxGR08", title: "IAS19 03 Contribution Plan", length: "17:00" },
      { id: "QVsKR7TgKr8", title: "IAS19 04 Benefit Plan", length: "1:10:00" },
      { id: "kcx0mzinXKA", title: "IAS19 Other LT ben and Termination ben", length: "2:41:00" },
      { id: "c0hmwLJ3bac", title: "Financial Instruments part 1", length: "3:09:00" },
      { id: "sjsWsrWwr_M", title: "Financial Instruments Par 2 Classification مع حل ديسمبر 2016", length: "2:38:00" },
      { id: "s3Iilqe8O-8", title: "Financial Instruments Part 3 Examples on remeasurement", length: "1:32:00" },
      { id: "kEL8zpsQSf0", title: "Financial Instruments Part  3 Cont.", length: "11:00" },
      { id: "po4rLXjeeLM", title: "Financial instruments FA Impairment", length: "1:50:00" },
      { id: "Z6u3Wo3w81Y", title: "Financial Instruments - Hedge Accounting", length: "2:34:00" },
      { id: "AwP5lG9Sfrk", title: "IAS 12 Income Taxes part 1", length: "2:51:00" },
      { id: "9Nohw8miMN4", title: "IAS 12 Income tax Part 2 مع حل سؤال امتحان سبتمبر 2020", length: "2:26:00" },
      { id: "Yz4KGiICq3g", title: "IAS 21The Effect of Changes in Foreign Exchange Rates", length: "2:35:00" },
      { id: "aC2OeZ5Phm8", title: "IFRS Chapter 13   IAS 41 Agriculture", length: "2:33:00" },
      { id: "G3tEHut_o_0", title: "IFRS 6 Exploration for and evaluation of mineral resources", length: "2:08:00" },
      { id: "iGzvgUqby30", title: "IAS 2 Inventories part 1", length: "1:21:00" },
      { id: "nPrRYQnuVnE", title: "IAS 2 Inventories Part 2", length: "1:03:00" },
      { id: "V4OzwMNbCaw", title: "Ch14   IFRS 2   Share based payment PART 1 EQUITY STETTLED", length: "2:37:00" },
      { id: "8A1hcPzAZzA", title: "Ch14   IFRS 2   Share based payment part 2", length: "3:02:00" },
      { id: "x5TvK-ydyTo", title: "Chapter 16 IAS 8 Accounting policy  part 1", length: "1:16:00" },
      { id: "LzmEdlsgpu0", title: "IAS 8 Change in estimate and errors part 2", length: "52:00" },
      { id: "s8MQmLs6tXc", title: "Chapter 16 4 IFRS 5 Non current Assets Held for Sales and Discontinued", length: "2:19:00" },
      { id: "j05_9eaBNnw", title: "Chapter 16 IAS 10 Events after the reporting period 01 and 02", length: "31:00" },
      { id: "8TxwH6_MS1U", title: "CH17   IAS 33 Earning per share   Basic 01", length: "1:52:00" },
      { id: "FtvWlqCgkvo", title: "CH17   IAS 33 Earning per share   Rights issues", length: "59:00" },
      { id: "J39MxJ-5jZs", title: "IAS 33 Diluted EPS", length: "2:16:00" },
      { id: "GsXhJUGNmiY", title: "Related party and operating segments شوف من الدقيقة 31", length: "3:41:00" },
      { id: "lnHEvdeho2U", title: "IFRS for SMEs", length: "1:37:00" },
      { id: "pgukmD2Zvc4", title: "Constitution of a group Ch 20 and Contingent Consideration", length: "2:54:00" },
      { id: "NqETDHpwSIY", title: "Consolidated SOFP part 1 Chapter 21", length: "3:05:00" },
      { id: "geQ8tZQvrCM", title: "Consolidated  SOFP   last part", length: "2:42:00" },
      { id: "IdZh8PMHDPg", title: "Impairment of Goodwill and Intra group trade", length: "2:23:00" },
      { id: "aoI2bSq6e7U", title: "consolidated SOPLOCI شوف بعد ساعه و27 دقيقه", length: "2:35:00" },
      { id: "9vWhTIHsARY", title: "Consolidated SOPLOCI Part 2-  شوف من الدقيقه 26", length: "3:04:00" },
      { id: "OGPYiT85ykg", title: "Chapter 23   IAS 28", length: "2:28:00" },
      { id: "evU8XGiACCA", title: "Chapter 244 Joint Arrangement", length: "1:20:00" },
      { id: "wscLQJdKhM4", title: "Regulatory Framework Chapter 1", length: "2:16:00" },
      { id: "XegklPmWb0g", title: "Chapter 1 Ethics", length: "1:30:00" },
      { id: "O7c82-wcmes", title: "Conceptual Framework شوف من الدقيقة 31", length: "3:37:00" },
      { id: "bYRNqQrW3iM", title: "IFRS 13 FV Measurement", length: "1:41:00" },
    ],
  },

/* ===== certifr-planet-full — شهادة المعايير الدولية للتقارير المالية CertIFR (51 videos, ~27.1h) ===== */
  {
    id: "certifr-planet-full",
    titleEn: "CertIFR — the complete certificate course (51 sessions)",
    titleAr: "شهادة CertIFR — الكورس الكامل (51 جلسة)",
    channel: "The Accounting Planet",
    category: "ifrs",
    level: "Intermediate",
    language: "AR",
    hours: "~27.1h",
    views: "YouTube playlist",
    descEn: "The full Certificate in IFRS course, session by session — structure of the IASB, IAS 1/8/16/36/38, IFRS 15/16/9/3/10/13, first-time adoption, small entities, plus MCQ drills after each standard.",
    descAr: "كورس شهادة المعايير الدولية للتقارير المالية كاملًا، جلسة بجلسة — هيئة المعايير ومعايير IAS 1/8/16/36/38 وIFRS 15/16/9/3/10/13 والتطبيق الأول والمنشآت الصغيرة، مع تدريبات أسئلة بعد كل معيار.",
    lessons: [
      { id: "3w-arW-P2Vs", title: "Certificate in international financial Reporting-CertIFR Course - Session01-Introduction", length: "21:00" },
      { id: "bwT-1cfLAz0", title: "CertIFR - Session02 - Module01 - Part1 - Formation & Structure of IASB", length: "19:00" },
      { id: "T5vuxOX0YeY", title: "CertIFR - Session 03 - Module 1 #IFRS", length: "32:00" },
      { id: "Z6AF54DR3B8", title: "CertIFR - Session 04 - Module 2 #IFRS", length: "28:00" },
      { id: "hJyWT79zX3k", title: "CertIFR - Session 05 - IAS 01 - preparing of financial statements #IFRS", length: "28:00" },
      { id: "fy1_lU_rkR8", title: "CertIFR - Session 06 - IFRS 15 - Revenue from Contracts with Customers #IFRS", length: "22:00" },
      { id: "V7MYeRI7q3c", title: "CertIFR - Session 07 - IFRS 15 Part2 + MCQs #IFRS", length: "32:00" },
      { id: "hLks5BphnNk", title: "CertIFR - Session 08 - IAS 08  #IFRS", length: "20:00" },
      { id: "-INKBVhHc3w", title: "CertIFR - Session 09 - IAS 16  #IFRS معيار الأصول الثابتة", length: "32:00" },
      { id: "rnSTrDg58yc", title: "CertIFR - Session 10 - IAS 38  #IFRS الأصول الغير ملموسة  - Intangible asset", length: "21:00" },
      { id: "IetZPXYr2JU", title: "CertIFR - Session 11 - IAS 40  #IFRS الأصول الإستثمارية  - Investment Property", length: "16:00" },
      { id: "4Xzq_Gb9xq8", title: "CertIFR - Session 12 - IAS 36  #IFRS اضمحلال الاصول  - impairment of assets", length: "24:00" },
      { id: "iiYZmHgVs2E", title: "CertIFR - Session 13 - IAS 23  #IFRS تكلفة الإقتراض  - Borrowing Costs", length: "18:00" },
      { id: "Eqf9hC5i0Ms", title: "CertIFR - Session 14 - IAS 20  #IFRS المنح والمساعدات الحكومية  - Government Grants and Assistance", length: "18:00" },
      { id: "IsT9H93JrAY", title: "CertIFR - Session 15 - IAS 2  #IFRS المخزون  - Inventory", length: "26:00" },
      { id: "q3qmhpj_K9o", title: "CertIFR - Session 16 - IFRS16 part1 #IFRS عقود الإيجار  - Lease", length: "25:00" },
      { id: "eY9f6QnX6zE", title: "CertIFR - Session 17 - IFRS16 Part2 #IFRS عقود الإيجار  - Lease", length: "23:00" },
      { id: "nja5UdyPiJQ", title: "CertIFR - Session 18 - IFRS5  #IFRS Held for sale", length: "16:00" },
      { id: "Sg-KXGQtSCA", title: "CertIFR VS DipIFR هل الشهادة ملهاش لازمة ؟", length: "6:00" },
      { id: "ZVik23VBCgo", title: "الحلقة 19 من سلسلة شرح شهادة المعايير الدولية CertIFR - محاكاة للإمتحان - Exam Simulation", length: "6:00" },
      { id: "XToVh4E-4VU", title: "CertIFR - Session 20 - IFRS13  #IFRS Fair Value Measurement", length: "18:00" },
      { id: "QO7zU19zNGA", title: "CertIFR - Session 21 - Financial instrument IAS 32 + IFRS 7", length: "23:00" },
      { id: "RiC9BvEaBUU", title: "CertIFR - Session 22 - Financial instrument IFRS 9", length: "15:00" },
      { id: "6H0_9pTcr8A", title: "CertIFR - Session 23 - Financial instrument IFRS 9", length: "19:00" },
      { id: "1AUQGsdQjAU", title: "CertIFR - Session 24 - Provisions IAS 37", length: "24:00" },
      { id: "QcKXnf_nqnA", title: "CertIFR - Session 25 - Events after the reporting date IAS 10", length: "21:00" },
      { id: "oeXOU79lqW4", title: "CertIFR - Session 26 - Employee Benefits IAS 19", length: "22:00" },
      { id: "Os6ctserd3E", title: "CertIFR - Session 27 - Income Tax IAS 12", length: "20:00" },
      { id: "JxvoyoSq5v8", title: "CertIFR - Session 28 - Share-Based Payment IFRS 2", length: "18:00" },
      { id: "wkSa8Li5qmE", title: "CertIFR - Session 29 - IAS41 - Agricultural", length: "7:00" },
      { id: "usSAkZ8VwfI", title: "شهادة المعايير الدولية CertIFR - الحلقة 30 - معيار IFRS 6 - استكشاف الموارد المعندية وتقويمها", length: "8:00" },
      { id: "GgdYcfkULbM", title: "الحلقة 31 من شرح شهادة المعايير الدولية CertIFR - محاكاة للإمتحان - Exam Simulation", length: "4:00" },
      { id: "_2FVwCWpnW0", title: "شهادة المعايير الدولية CertIFR - الحلقة 32 - معيار IFRS 10 - القوائم المالية الموحدة", length: "25:00" },
      { id: "THwuE5LRlWw", title: "شهادة المعايير الدولية CertIFR - الحلقة 33 - معيار IAS 27 - القوائم المالية المنفصلة", length: "5:00" },
      { id: "HLd3YNQsSOw", title: "شهادة المعايير الدولية CertIFR - الحلقة 34 - معيار IFRS 3 - اندماج الأعمال", length: "19:00" },
      { id: "OVSjs6apsb0", title: "شهادة المعايير الدولية CertIFR - الحلقة 35 - معيار IAS 28 - الاستثمار في الشركات الزميلة", length: "9:00" },
      { id: "GqlzLiqD4AM", title: "شهادة المعايير الدولية CertIFR - الحلقة 36 - معيار IFRS 11 - الترتيبات المشتركة", length: "12:00" },
      { id: "ykOB4wKqbGw", title: "شهادة المعايير الدولية CertIFR - الحلقة 37 - معيار IFRS 12 - الافصاح عن المصالح في الشركات الأخرى", length: "7:00" },
      { id: "zFFwBS8ve3Y", title: "شهادة المعايير الدولية CertIFR - الحلقة 38 - معيار IAS 21 - أثر التغير في سعر صرف العملات", length: "16:00" },
      { id: "PDDxko_aXQE", title: "شهادة المعايير الدولية CertIFR - الحلقة 39 - معيار IAS 29 - التقارير المالية في الإقتصاد المتضخم", length: "7:00" },
      { id: "UstLxPq1ZDU", title: "شهادة المعايير الدولية CertIFR - الحلقة 40 - معيار IAS 7 - قائمة التدفقات النقدية", length: "14:00" },
      { id: "14zHvyfKlGk", title: "شهادة المعايير الدولية CertIFR - الحلقة 41 - معيار IFRS 8 - التقارير القطاعية - Operating segment", length: "16:00" },
      { id: "TDrYmCroBwI", title: "شهادة المعايير الدولية CertIFR - الحلقة 42 - معيار IAS 24 - الإفصاح عن الأطراف ذات العلاقة", length: "14:00" },
      { id: "LkJNhGDUens", title: "شهادة المعايير الدولية CertIFR - الحلقة 43 - معيار IAS 33 - ربحية السهم - earning per share", length: "18:00" },
      { id: "DXDBDCvZMO0", title: "شهادة المعايير الدولية CertIFR - الحلقة 44 - معيار IAS 34 - Interim financial reports", length: "13:00" },
      { id: "J6wwmlUZm0k", title: "شهادة المعايير الدولية CertIFR - الحلقة 45 - معيار IFRS 1 - First time adoption of IFRS", length: "12:00" },
      { id: "wXg2WPNVHFU", title: "شهادة المعايير الدولية CertIFR - الحلقة 46 - Differences between IFRS Standards and UK GAAP", length: "17:00" },
      { id: "v224KpjGPtk", title: "شهادة المعايير الدولية CertIFR - الحلقة 47 - Convergence of IFRS with US GAAP", length: "10:00" },
      { id: "C32vloOdZCg", title: "شهادة المعايير الدولية CertIFR - الحلقة 48 - Convergence of IFRS with UK GAAP", length: "8:00" },
      { id: "APe4oFWKwsA", title: "شهادة المعايير الدولية CertIFR - الحلقة الأخيرة - طريقة التسجيل ونصائح الاختبار", length: "15:00" },
      { id: "x5dttcg-2lQ", title: "شهادة المعايير الدولية CertIFR كاملة", length: "12:39:00" },
    ],
  },

/* ===== acca-f3-sowmya — ACCA F3 financial accounting (32 videos, ~23.8h) ===== */
  {
    id: "acca-f3-sowmya",
    titleEn: "ACCA FA (F3) — the complete chapter course",
    titleAr: "ACCA FA (F3) — الكورس الكامل فصلًا فصلًا",
    channel: "Sowmya Sasun",
    category: "acca",
    level: "Beginner",
    language: "EN",
    hours: "~23.8h",
    views: "YouTube playlist",
    descEn: "Every chapter of the ACCA FA (F3) syllabus in order — from the conceptual framework and double entry through to consolidation and cash flows, taught chapter by chapter with worked examples.",
    descAr: "كل فصول منهج ACCA FA (F3) بالترتيب — من الإطار المفاهيمي والقيد المزدوج حتى التجميع والتدفقات النقدية، فصلًا فصلًا بأمثلة محلولة.",
    lessons: [
      { id: "rXlPF9crFNs", title: "Chapter 1 introduction to financial reporting part 1 F3 financial accounting ACCA", length: "33:00" },
      { id: "RI9cBl1TCr8", title: "Chapter 1 introduction to financial reporting part 2 F3 financial accounting ACCA", length: "37:00" },
      { id: "O6gjYgcFkY8", title: "Chapter 1 introduction to financial reporting part 3 F3 financial accounting ACCA", length: "27:00" },
      { id: "tQee_RWRDlw", title: "Chapter 3 Double entry bookkeeping part 1 F3 financial accounting ACCA", length: "48:00" },
      { id: "7Tb1HiWGPtA", title: "Chapter 3 Double entry bookkeeping part2 F3 financial accounting ACCA", length: "43:00" },
      { id: "ycGkWhAniDk", title: "Chapter 4 recording basic transactions and balancing the ledgers F3 financial accounting ACCA", length: "1:11:00" },
      { id: "BVCwePOgf7A", title: "Chapter 5 Returns,discounts and sales tax PART 1 F3 financial accounting ACCA", length: "1:02:00" },
      { id: "vDrHg6oJCdU", title: "Chapter 5 Returns,discounts and sales tax PART 2 F3 financial accounting ACCA", length: "57:00" },
      { id: "EEahsoJCtnc", title: "Chapter 6 inventory part 1 F3 financial accounting ACCA", length: "50:00" },
      { id: "y96XPsYTD-I", title: "Chapter 6 inventory part 2 F3 financial accounting ACCA", length: "33:00" },
      { id: "45aEFbMminQ", title: "Chapter 6 inventory part 3 F3 financial accounting ACCA", length: "58:00" },
      { id: "xG3Xsq6j-ik", title: "Chapter 7 Non-current assets: acquisition and depreciation part 1 F3 financial accounting ACCA", length: "34:00" },
      { id: "a8SyxzShbP0", title: "Chapter 7 Non-current assets: acquisition and depreciation part 2 F3 financial accounting ACCA", length: "58:00" },
      { id: "FPmz_5wY1mM", title: "Chapter 9 Intangible assets F3 financial accounting ACCA", length: "42:00" },
      { id: "iQxps1WJFG0", title: "Chapter 2 The regulatory framework F3 financial accounting ACCA", length: "34:00" },
      { id: "bBnQyYmjxLo", title: "Chapter 10 Accruals and Prepayments Part 1 F3 financial accounting ACCA", length: "53:00" },
      { id: "SjFvQidSxtE", title: "Chapter 10 Accruals and Prepayments Part 2 F3 financial accounting ACCA", length: "40:00" },
      { id: "GIJRxCOUGgM", title: "Chapter 11 Receivables F3 financial accounting ACCA", length: "47:00" },
      { id: "XFjKh4oyVTE", title: "Chapter 12 Payables,provisions and contingent liabilities F3 financial accounting ACCA", length: "32:00" },
      { id: "Xu-yzZOTTuM", title: "Chapter 8 Non-current assets: disposal and revaluation F3 financial accounting ACCA", length: "1:03:00" },
      { id: "3frpvdAUkk8", title: "Chapter 13 Capital structure and finance costs part 1 F3 financial accounting ACCA", length: "26:00" },
      { id: "_6YzJTsUvWc", title: "Chapter 13 Capital structure and finance costs part 2 F3 financial accounting ACCA", length: "1:02:00" },
      { id: "Bd8MK3dd_Lg", title: "Chapter 14 Control account reconciliations part 1 F3 financial accounting ACCA", length: "32:00" },
      { id: "aEUsdxziaoM", title: "Chapter 14 Control account reconciliations part 2 F3 financial accounting ACCA", length: "1:03:00" },
      { id: "6LZUbskFuDY", title: "Chapter 15 Bank reconciliations part 1 F3 financial accounting ACCA", length: "38:00" },
      { id: "GdtssuK6laU", title: "Chapter 15 Bank reconciliations part 2 F3 financial accounting ACCA", length: "30:00" },
      { id: "a3Dy8bIlJH0", title: "Chapter 18 incomplete records F3 financial accounting ACCA", length: "48:00" },
      { id: "_25-RGCt_0g", title: "Chapter 16 The trial balance,errors and suspense accounts part 1 F3 financial accounting ACCA", length: "39:00" },
      { id: "wMYXRXqESgk", title: "Chapter 16 The trial balance,errors and suspense accounts part 2 F3 financial accounting ACCA", length: "40:00" },
      { id: "m-TNCa6Qljk", title: "Chapter 20 interpretation of financial statements part 1 F3 financial accounting ACCA", length: "54:00" },
      { id: "dF33qf3LQSo", title: "Chapter 20 interpretation of financial statements part 2 F3 financial accounting ACCA", length: "41:00" },
      { id: "YS2Rkl8qN_E", title: "Chapter 17 Preparing basic financial statements part 1 F3 financial accounting ACCA", length: "34:00" },
    ],
  },
